
> donmedia-sample@1.0.0 build
> vite build

vite v8.0.0 building client environment for production...
[2Ktransforming...✓ 137 modules transformed.
✗ Build failed in 141ms
error during build:
Build failed with 1 error:

[plugin vite:css-post]
TypeError: Cannot read properties of undefined (reading 'split')
    at assetFileNames (file:///Users/harikrishnan/donmedia%20sample/node_modules/.vite-temp/vite.config.js.timestamp-1774785009262-b280bac361e88.mjs:42:34)
    at getCssAssetDirname (file:///Users/harikrishnan/donmedia%20sample/node_modules/vite/dist/node/chunks/node.js:20370:28)
    at resolveAssetUrlsInCss (file:///Users/harikrishnan/donmedia%20sample/node_modules/vite/dist/node/chunks/node.js:20478:102)
    at PluginContextImpl.renderChunk (file:///Users/harikrishnan/donmedia%20sample/node_modules/vite/dist/node/chunks/node.js:20554:19)
    at async plugin (file:///Users/harikrishnan/donmedia%20sample/node_modules/rolldown/dist/shared/bindingify-input-options-Cu7pt6SZ.mjs:1211:16)
    at async plugin.<computed> (file:///Users/harikrishnan/donmedia%20sample/node_modules/rolldown/dist/shared/bindingify-input-options-Cu7pt6SZ.mjs:1570:12)
    at aggregateBindingErrorsIntoJsError (file:///Users/harikrishnan/donmedia%20sample/node_modules/rolldown/dist/shared/error-CP8smW_P.mjs:48:18)
    at unwrapBindingResult (file:///Users/harikrishnan/donmedia%20sample/node_modules/rolldown/dist/shared/error-CP8smW_P.mjs:18:128)
    at #build (file:///Users/harikrishnan/donmedia%20sample/node_modules/rolldown/dist/shared/rolldown-build-4YnQkA76.mjs:3311:34)
    at async buildEnvironment (file:///Users/harikrishnan/donmedia%20sample/node_modules/vite/dist/node/chunks/node.js:32794:64)
    at async Object.build (file:///Users/harikrishnan/donmedia%20sample/node_modules/vite/dist/node/chunks/node.js:33216:19)
    at async Object.buildApp (file:///Users/harikrishnan/donmedia%20sample/node_modules/vite/dist/node/chunks/node.js:33213:153)
    at async CAC.<anonymous> (file:///Users/harikrishnan/donmedia%20sample/node_modules/vite/dist/node/cli.js:778:3) {
  errors: [Getter/Setter]
}
